// Jest Snapshot v1, https://goo.gl/fbAQLP

exports[`expect to render full CardMedia component tree 1`] = `
initialize {
  "0": Object {
    "attribs": Object {
      "alt": "robo",
      "aria-label": "robo",
      "class": "MuiCardMedia-root-15 MuiCardMedia-media-16 CardMediaWrapper-media-2 CardMediaWrapper-mediaTemp-3",
      "height": "350",
      "id": "CardMediaWrapper1",
      "src": "https://robohash.org/1?size=300x350",
      "title": "Loading...",
    },
    "children": Array [],
    "name": "img",
    "namespace": "http://www.w3.org/1999/xhtml",
    "next": Object {
      "attribs": Object {
        "class": "MuiCircularProgress-root-17 MuiCircularProgress-colorPrimary-20 MuiCircularProgress-indeterminate-19 CardMediaWrapper-progress-5",
        "role": "progressbar",
        "style": "width:40px;height:40px",
      },
      "children": Array [
        Object {
          "attribs": Object {
            "class": "MuiCircularProgress-svg-22",
            "viewBox": "22 22 44 44",
          },
          "children": Array [
            Object {
              "attribs": Object {
                "class": "MuiCircularProgress-circle-23 MuiCircularProgress-circleIndeterminate-25",
                "cx": "44",
                "cy": "44",
                "fill": "none",
                "r": "20.2",
                "stroke-width": "3.6",
              },
              "children": Array [],
              "name": "circle",
              "namespace": "http://www.w3.org/2000/svg",
              "next": null,
              "parent": [Circular],
              "prev": null,
              "type": "tag",
              "x-attribsNamespace": Object {
                "class": undefined,
                "cx": undefined,
                "cy": undefined,
                "fill": undefined,
                "r": undefined,
                "stroke-width": undefined,
              },
              "x-attribsPrefix": Object {
                "class": undefined,
                "cx": undefined,
                "cy": undefined,
                "fill": undefined,
                "r": undefined,
                "stroke-width": undefined,
              },
            },
          ],
          "name": "svg",
          "namespace": "http://www.w3.org/2000/svg",
          "next": null,
          "parent": [Circular],
          "prev": null,
          "type": "tag",
          "x-attribsNamespace": Object {
            "class": undefined,
            "viewBox": undefined,
          },
          "x-attribsPrefix": Object {
            "class": undefined,
            "viewBox": undefined,
          },
        },
      ],
      "name": "div",
      "namespace": "http://www.w3.org/1999/xhtml",
      "next": null,
      "parent": null,
      "prev": [Circular],
      "root": Object {
        "attribs": Object {},
        "children": Array [
          [Circular],
          [Circular],
        ],
        "name": "root",
        "namespace": "http://www.w3.org/1999/xhtml",
        "next": null,
        "parent": null,
        "prev": null,
        "type": "root",
        "x-attribsNamespace": Object {},
        "x-attribsPrefix": Object {},
      },
      "type": "tag",
      "x-attribsNamespace": Object {
        "class": undefined,
        "role": undefined,
        "style": undefined,
      },
      "x-attribsPrefix": Object {
        "class": undefined,
        "role": undefined,
        "style": undefined,
      },
    },
    "parent": null,
    "prev": null,
    "root": Object {
      "attribs": Object {},
      "children": Array [
        [Circular],
        Object {
          "attribs": Object {
            "class": "MuiCircularProgress-root-17 MuiCircularProgress-colorPrimary-20 MuiCircularProgress-indeterminate-19 CardMediaWrapper-progress-5",
            "role": "progressbar",
            "style": "width:40px;height:40px",
          },
          "children": Array [
            Object {
              "attribs": Object {
                "class": "MuiCircularProgress-svg-22",
                "viewBox": "22 22 44 44",
              },
              "children": Array [
                Object {
                  "attribs": Object {
                    "class": "MuiCircularProgress-circle-23 MuiCircularProgress-circleIndeterminate-25",
                    "cx": "44",
                    "cy": "44",
                    "fill": "none",
                    "r": "20.2",
                    "stroke-width": "3.6",
                  },
                  "children": Array [],
                  "name": "circle",
                  "namespace": "http://www.w3.org/2000/svg",
                  "next": null,
                  "parent": [Circular],
                  "prev": null,
                  "type": "tag",
                  "x-attribsNamespace": Object {
                    "class": undefined,
                    "cx": undefined,
                    "cy": undefined,
                    "fill": undefined,
                    "r": undefined,
                    "stroke-width": undefined,
                  },
                  "x-attribsPrefix": Object {
                    "class": undefined,
                    "cx": undefined,
                    "cy": undefined,
                    "fill": undefined,
                    "r": undefined,
                    "stroke-width": undefined,
                  },
                },
              ],
              "name": "svg",
              "namespace": "http://www.w3.org/2000/svg",
              "next": null,
              "parent": [Circular],
              "prev": null,
              "type": "tag",
              "x-attribsNamespace": Object {
                "class": undefined,
                "viewBox": undefined,
              },
              "x-attribsPrefix": Object {
                "class": undefined,
                "viewBox": undefined,
              },
            },
          ],
          "name": "div",
          "namespace": "http://www.w3.org/1999/xhtml",
          "next": null,
          "parent": null,
          "prev": [Circular],
          "root": [Circular],
          "type": "tag",
          "x-attribsNamespace": Object {
            "class": undefined,
            "role": undefined,
            "style": undefined,
          },
          "x-attribsPrefix": Object {
            "class": undefined,
            "role": undefined,
            "style": undefined,
          },
        },
      ],
      "name": "root",
      "namespace": "http://www.w3.org/1999/xhtml",
      "next": null,
      "parent": null,
      "prev": null,
      "type": "root",
      "x-attribsNamespace": Object {},
      "x-attribsPrefix": Object {},
    },
    "type": "tag",
    "x-attribsNamespace": Object {
      "alt": undefined,
      "aria-label": undefined,
      "class": undefined,
      "height": undefined,
      "id": undefined,
      "src": undefined,
      "title": undefined,
    },
    "x-attribsPrefix": Object {
      "alt": undefined,
      "aria-label": undefined,
      "class": undefined,
      "height": undefined,
      "id": undefined,
      "src": undefined,
      "title": undefined,
    },
  },
  "1": Object {
    "attribs": Object {
      "class": "MuiCircularProgress-root-17 MuiCircularProgress-colorPrimary-20 MuiCircularProgress-indeterminate-19 CardMediaWrapper-progress-5",
      "role": "progressbar",
      "style": "width:40px;height:40px",
    },
    "children": Array [
      Object {
        "attribs": Object {
          "class": "MuiCircularProgress-svg-22",
          "viewBox": "22 22 44 44",
        },
        "children": Array [
          Object {
            "attribs": Object {
              "class": "MuiCircularProgress-circle-23 MuiCircularProgress-circleIndeterminate-25",
              "cx": "44",
              "cy": "44",
              "fill": "none",
              "r": "20.2",
              "stroke-width": "3.6",
            },
            "children": Array [],
            "name": "circle",
            "namespace": "http://www.w3.org/2000/svg",
            "next": null,
            "parent": [Circular],
            "prev": null,
            "type": "tag",
            "x-attribsNamespace": Object {
              "class": undefined,
              "cx": undefined,
              "cy": undefined,
              "fill": undefined,
              "r": undefined,
              "stroke-width": undefined,
            },
            "x-attribsPrefix": Object {
              "class": undefined,
              "cx": undefined,
              "cy": undefined,
              "fill": undefined,
              "r": undefined,
              "stroke-width": undefined,
            },
          },
        ],
        "name": "svg",
        "namespace": "http://www.w3.org/2000/svg",
        "next": null,
        "parent": [Circular],
        "prev": null,
        "type": "tag",
        "x-attribsNamespace": Object {
          "class": undefined,
          "viewBox": undefined,
        },
        "x-attribsPrefix": Object {
          "class": undefined,
          "viewBox": undefined,
        },
      },
    ],
    "name": "div",
    "namespace": "http://www.w3.org/1999/xhtml",
    "next": null,
    "parent": null,
    "prev": Object {
      "attribs": Object {
        "alt": "robo",
        "aria-label": "robo",
        "class": "MuiCardMedia-root-15 MuiCardMedia-media-16 CardMediaWrapper-media-2 CardMediaWrapper-mediaTemp-3",
        "height": "350",
        "id": "CardMediaWrapper1",
        "src": "https://robohash.org/1?size=300x350",
        "title": "Loading...",
      },
      "children": Array [],
      "name": "img",
      "namespace": "http://www.w3.org/1999/xhtml",
      "next": [Circular],
      "parent": null,
      "prev": null,
      "root": Object {
        "attribs": Object {},
        "children": Array [
          [Circular],
          [Circular],
        ],
        "name": "root",
        "namespace": "http://www.w3.org/1999/xhtml",
        "next": null,
        "parent": null,
        "prev": null,
        "type": "root",
        "x-attribsNamespace": Object {},
        "x-attribsPrefix": Object {},
      },
      "type": "tag",
      "x-attribsNamespace": Object {
        "alt": undefined,
        "aria-label": undefined,
        "class": undefined,
        "height": undefined,
        "id": undefined,
        "src": undefined,
        "title": undefined,
      },
      "x-attribsPrefix": Object {
        "alt": undefined,
        "aria-label": undefined,
        "class": undefined,
        "height": undefined,
        "id": undefined,
        "src": undefined,
        "title": undefined,
      },
    },
    "root": Object {
      "attribs": Object {},
      "children": Array [
        Object {
          "attribs": Object {
            "alt": "robo",
            "aria-label": "robo",
            "class": "MuiCardMedia-root-15 MuiCardMedia-media-16 CardMediaWrapper-media-2 CardMediaWrapper-mediaTemp-3",
            "height": "350",
            "id": "CardMediaWrapper1",
            "src": "https://robohash.org/1?size=300x350",
            "title": "Loading...",
          },
          "children": Array [],
          "name": "img",
          "namespace": "http://www.w3.org/1999/xhtml",
          "next": [Circular],
          "parent": null,
          "prev": null,
          "root": [Circular],
          "type": "tag",
          "x-attribsNamespace": Object {
            "alt": undefined,
            "aria-label": undefined,
            "class": undefined,
            "height": undefined,
            "id": undefined,
            "src": undefined,
            "title": undefined,
          },
          "x-attribsPrefix": Object {
            "alt": undefined,
            "aria-label": undefined,
            "class": undefined,
            "height": undefined,
            "id": undefined,
            "src": undefined,
            "title": undefined,
          },
        },
        [Circular],
      ],
      "name": "root",
      "namespace": "http://www.w3.org/1999/xhtml",
      "next": null,
      "parent": null,
      "prev": null,
      "type": "root",
      "x-attribsNamespace": Object {},
      "x-attribsPrefix": Object {},
    },
    "type": "tag",
    "x-attribsNamespace": Object {
      "class": undefined,
      "role": undefined,
      "style": undefined,
    },
    "x-attribsPrefix": Object {
      "class": undefined,
      "role": undefined,
      "style": undefined,
    },
  },
  "_root": [Circular],
  "length": 2,
  "options": Object {
    "decodeEntities": true,
    "normalizeWhitespace": false,
    "withDomLvl1": true,
    "xml": false,
  },
}
`;
